[{"seed": 0, "model": "lr_mi_50", "accuracy": 0.5443886097152428, "balanced_accuracy": 0.5425867685049983, "precision": 0.5346153846153846, "recall": 0.4793103448275862, "f1": 0.5054545454545455, "fold_mean_balanced_accuracy": 0.5419959279250371, "fold_sd_balanced_accuracy": 0.009555627343015929}, {"seed": 0, "model": "dummy", "accuracy": 0.5142378559463987, "balanced_accuracy": 0.5, "precision": 0.0, "recall": 0.0, "f1": 0.0, "fold_mean_balanced_accuracy": 0.5, "fold_sd_balanced_accuracy": 0.0}]
[{"seed": 1, "model": "lr_mi_50", "accuracy": 0.5293132328308208, "balanced_accuracy": 0.5280242614848928, "precision": 0.5166051660516605, "recall": 0.4827586206896552, "f1": 0.49910873440285203, "fold_mean_balanced_accuracy": 0.5277412576049174, "fold_sd_balanced_accuracy": 0.046634474884292676}, {"seed": 1, "model": "dummy", "accuracy": 0.5142378559463987, "balanced_accuracy": 0.5, "precision": 0.0, "recall": 0.0, "f1": 0.0, "fold_mean_balanced_accuracy": 0.5, "fold_sd_balanced_accuracy": 0.0}]
[{"seed": 2, "model": "lr_mi_50", "accuracy": 0.5309882747068677, "balanced_accuracy": 0.5291755588004043, "precision": 0.5192307692307693, "recall": 0.46551724137931033, "f1": 0.4909090909090909, "fold_mean_balanced_accuracy": 0.5292809743977869, "fold_sd_balanced_accuracy": 0.031695474072649506}, {"seed": 2, "model": "dummy", "accuracy": 0.5142378559463987, "balanced_accuracy": 0.5, "precision": 0.0, "recall": 0.0, "f1": 0.0, "fold_mean_balanced_accuracy": 0.5, "fold_sd_balanced_accuracy": 0.0}]
[{"seed": 3, "model": "lr_mi_50", "accuracy": 0.490787269681742, "balanced_accuracy": 0.49027855778950913, "precision": 0.4756944444444444, "recall": 0.4724137931034483, "f1": 0.4740484429065744, "fold_mean_balanced_accuracy": 0.4907223443188264, "fold_sd_balanced_accuracy": 0.030523543234645477}, {"seed": 3, "model": "dummy", "accuracy": 0.5142378559463987, "balanced_accuracy": 0.5, "precision": 0.0, "recall": 0.0, "f1": 0.0, "fold_mean_balanced_accuracy": 0.5, "fold_sd_balanced_accuracy": 0.0}]
[{"seed": 4, "model": "lr_mi_50", "accuracy": 0.5393634840871022, "balanced_accuracy": 0.5378917218914973, "precision": 0.5280898876404494, "recall": 0.4862068965517241, "f1": 0.5062836624775583, "fold_mean_balanced_accuracy": 0.5416215789917754, "fold_sd_balanced_accuracy": 0.03549767162787409}, {"seed": 4, "model": "dummy", "accuracy": 0.5142378559463987, "balanced_accuracy": 0.5, "precision": 0.0, "recall": 0.0, "f1": 0.0, "fold_mean_balanced_accuracy": 0.5, "fold_sd_balanced_accuracy": 0.0}]
[{"seed": 5, "model": "lr_mi_50", "accuracy": 0.5393634840871022, "balanced_accuracy": 0.5384645625070201, "precision": 0.5268817204301075, "recall": 0.506896551724138, "f1": 0.5166959578207382, "fold_mean_balanced_accuracy": 0.5398206898760816, "fold_sd_balanced_accuracy": 0.01876549731328955}, {"seed": 5, "model": "dummy", "accuracy": 0.5142378559463987, "balanced_accuracy": 0.5, "precision": 0.0, "recall": 0.0, "f1": 0.0, "fold_mean_balanced_accuracy": 0.5, "fold_sd_balanced_accuracy": 0.0}]
[{"seed": 6, "model": "lr_mi_50", "accuracy": 0.5376884422110553, "balanced_accuracy": 0.5371223183196676, "precision": 0.5244755244755245, "recall": 0.5172413793103449, "f1": 0.5208333333333334, "fold_mean_balanced_accuracy": 0.5387622538292479, "fold_sd_balanced_accuracy": 0.04582547626315193}, {"seed": 6, "model": "dummy", "accuracy": 0.5142378559463987, "balanced_accuracy": 0.5, "precision": 0.0, "recall": 0.0, "f1": 0.0, "fold_mean_balanced_accuracy": 0.5, "fold_sd_balanced_accuracy": 0.0}]
[{"seed": 7, "model": "lr_mi_50", "accuracy": 0.5393634840871022, "balanced_accuracy": 0.5373188812759744, "precision": 0.5294117647058824, "recall": 0.46551724137931033, "f1": 0.4954128440366973, "fold_mean_balanced_accuracy": 0.5379007987316244, "fold_sd_balanced_accuracy": 0.047487469017192405}, {"seed": 7, "model": "dummy", "accuracy": 0.5142378559463987, "balanced_accuracy": 0.5, "precision": 0.0, "recall": 0.0, "f1": 0.0, "fold_mean_balanced_accuracy": 0.5, "fold_sd_balanced_accuracy": 0.0}]
[{"seed": 8, "model": "lr_mi_50", "accuracy": 0.5443886097152428, "balanced_accuracy": 0.5418229810176345, "precision": 0.5368852459016393, "recall": 0.4517241379310345, "f1": 0.49063670411985016, "fold_mean_balanced_accuracy": 0.5436765982973428, "fold_sd_balanced_accuracy": 0.0475270448216727}, {"seed": 8, "model": "dummy", "accuracy": 0.5142378559463987, "balanced_accuracy": 0.5, "precision": 0.0, "recall": 0.0, "f1": 0.0, "fold_mean_balanced_accuracy": 0.5, "fold_sd_balanced_accuracy": 0.0}]
[{"seed": 9, "model": "lr_mi_50", "accuracy": 0.5226130653266332, "balanced_accuracy": 0.522559811299562, "precision": 0.5084175084175084, "recall": 0.5206896551724138, "f1": 0.514480408858603, "fold_mean_balanced_accuracy": 0.5246719272341733, "fold_sd_balanced_accuracy": 0.032346648709829444}, {"seed": 9, "model": "dummy", "accuracy": 0.5142378559463987, "balanced_accuracy": 0.5, "precision": 0.0, "recall": 0.0, "f1": 0.0, "fold_mean_balanced_accuracy": 0.5, "fold_sd_balanced_accuracy": 0.0}]
{
  "rows": 597,
  "artist_groups": 52,
  "repeats": 10,
  "interpretation": "Descriptive sensitivity to grouped fold assignment of previously selected incumbent; not new model selection or independent confirmation",
  "repeat_level_confidence_interval": null,
  "model_promoted": false,
  "models": {
    "lr_mi_50": {
      "accuracy": {
        "mean": 0.5318257956448911,
        "sd_between_seeds": 0.015974002792763783,
        "min": 0.490787269681742,
        "max": 0.5443886097152428
      },
      "balanced_accuracy": {
        "mean": 0.5305245422891159,
        "sd_between_seeds": 0.015532805194128408,
        "min": 0.49027855778950913,
        "max": 0.5425867685049983
      },
      "precision": {
        "mean": 0.5200307415913371,
        "sd_between_seeds": 0.017730640510901133,
        "min": 0.4756944444444444,
        "max": 0.5368852459016393
      },
      "recall": {
        "mean": 0.4848275862068966,
        "sd_between_seeds": 0.023228630950012204,
        "min": 0.4517241379310345,
        "max": 0.5206896551724138
      },
      "f1": {
        "mean": 0.5013863724319843,
        "sd_between_seeds": 0.01429108824367258,
        "min": 0.4740484429065744,
        "max": 0.5208333333333334
      },
      "fold_mean_balanced_accuracy": {
        "mean": 0.5316194351206813,
        "sd_between_seeds": 0.015819025807795904,
        "min": 0.4907223443188264,
        "max": 0.5436765982973428
      }
    },
    "dummy": {
      "accuracy": {
        "mean": 0.5142378559463987,
        "sd_between_seeds": 0.0,
        "min": 0.5142378559463987,
        "max": 0.5142378559463987
      },
      "balanced_accuracy": {
        "mean": 0.5,
        "sd_between_seeds": 0.0,
        "min": 0.5,
        "max": 0.5
      },
      "precision": {
        "mean": 0.0,
        "sd_between_seeds": 0.0,
        "min": 0.0,
        "max": 0.0
      },
      "recall": {
        "mean": 0.0,
        "sd_between_seeds": 0.0,
        "min": 0.0,
        "max": 0.0
      },
      "f1": {
        "mean": 0.0,
        "sd_between_seeds": 0.0,
        "min": 0.0,
        "max": 0.0
      },
      "fold_mean_balanced_accuracy": {
        "mean": 0.5,
        "sd_between_seeds": 0.0,
        "min": 0.5,
        "max": 0.5
      }
    }
  },
  "candidate_beats_dummy_repeats": 9,
  "all_five_metrics_above_75_repeats": 0
}
