v3_nested_001: 597 development rows; 55 candidates; historical scoring disabled
outer0: 10/165 fold fits recorded
outer0: 20/165 fold fits recorded
outer0: 30/165 fold fits recorded
outer0: 40/165 fold fits recorded
outer0: 50/165 fold fits recorded
outer0: 60/165 fold fits recorded
outer0: 70/165 fold fits recorded
outer0: 80/165 fold fits recorded
outer0: 90/165 fold fits recorded
outer0: 100/165 fold fits recorded
outer0: 110/165 fold fits recorded
outer0: 120/165 fold fits recorded
outer0: 130/165 fold fits recorded
outer0: 140/165 fold fits recorded
outer0: 150/165 fold fits recorded
outer0: 160/165 fold fits recorded
outer0_assessment: 10/12 fold fits recorded
Outer 1: selected lr_pca_30; balanced accuracy 0.560
outer1: 10/165 fold fits recorded
outer1: 20/165 fold fits recorded
outer1: 30/165 fold fits recorded
outer1: 40/165 fold fits recorded
outer1: 50/165 fold fits recorded
outer1: 60/165 fold fits recorded
outer1: 70/165 fold fits recorded
outer1: 80/165 fold fits recorded
outer1: 90/165 fold fits recorded
outer1: 100/165 fold fits recorded
outer1: 110/165 fold fits recorded
outer1: 120/165 fold fits recorded
outer1: 130/165 fold fits recorded
outer1: 140/165 fold fits recorded
outer1: 150/165 fold fits recorded
outer1: 160/165 fold fits recorded
outer1_assessment: 10/12 fold fits recorded
Outer 2: selected mlp_pca30; balanced accuracy 0.479
outer2: 10/165 fold fits recorded
outer2: 20/165 fold fits recorded
outer2: 30/165 fold fits recorded
outer2: 40/165 fold fits recorded
outer2: 50/165 fold fits recorded
outer2: 60/165 fold fits recorded
outer2: 70/165 fold fits recorded
outer2: 80/165 fold fits recorded
outer2: 90/165 fold fits recorded
outer2: 100/165 fold fits recorded
outer2: 110/165 fold fits recorded
outer2: 120/165 fold fits recorded
outer2: 130/165 fold fits recorded
outer2: 140/165 fold fits recorded
outer2: 150/165 fold fits recorded
outer2: 160/165 fold fits recorded
outer2_assessment: 10/12 fold fits recorded
Outer 3: selected v3_lr_mi10_0.1; balanced accuracy 0.548
outer3: 10/165 fold fits recorded
outer3: 20/165 fold fits recorded
outer3: 30/165 fold fits recorded
outer3: 40/165 fold fits recorded
outer3: 50/165 fold fits recorded
outer3: 60/165 fold fits recorded
outer3: 70/165 fold fits recorded
outer3: 80/165 fold fits recorded
outer3: 90/165 fold fits recorded
outer3: 100/165 fold fits recorded
outer3: 110/165 fold fits recorded
outer3: 120/165 fold fits recorded
outer3: 130/165 fold fits recorded
outer3: 140/165 fold fits recorded
outer3: 150/165 fold fits recorded
outer3: 160/165 fold fits recorded
outer3_assessment: 10/12 fold fits recorded
Outer 4: selected linear_anova_c0p1; balanced accuracy 0.496
outer4: 10/165 fold fits recorded
outer4: 20/165 fold fits recorded
outer4: 30/165 fold fits recorded
outer4: 40/165 fold fits recorded
outer4: 50/165 fold fits recorded
outer4: 60/165 fold fits recorded
outer4: 70/165 fold fits recorded
outer4: 80/165 fold fits recorded
outer4: 90/165 fold fits recorded
outer4: 100/165 fold fits recorded
outer4: 110/165 fold fits recorded
outer4: 120/165 fold fits recorded
outer4: 130/165 fold fits recorded
outer4: 140/165 fold fits recorded
outer4: 150/165 fold fits recorded
outer4: 160/165 fold fits recorded
outer4_assessment: 10/12 fold fits recorded
Outer 5: selected v3_lr_quantile_mi10; balanced accuracy 0.569
final_development: 10/165 fold fits recorded
final_development: 20/165 fold fits recorded
final_development: 30/165 fold fits recorded
final_development: 40/165 fold fits recorded
final_development: 50/165 fold fits recorded
final_development: 60/165 fold fits recorded
final_development: 70/165 fold fits recorded
final_development: 80/165 fold fits recorded
final_development: 90/165 fold fits recorded
final_development: 100/165 fold fits recorded
final_development: 110/165 fold fits recorded
final_development: 120/165 fold fits recorded
final_development: 130/165 fold fits recorded
final_development: 140/165 fold fits recorded
final_development: 150/165 fold fits recorded
final_development: 160/165 fold fits recorded
{"run_id": "v3_nested_001", "selected": "lr_mi_50", "evaluation": "nested_development", "metrics": {"accuracy": 0.5326633165829145, "balanced_accuracy": 0.532522745142087, "precision": 0.5186440677966102, "recall": 0.5275862068965518, "f1": 0.5230769230769231, "class_0_recall": 0.5374592833876222, "macro_f1": 0.5324744221295945, "roc_auc": null, "confusion_matrix": [[165, 142], [137, 153]], "n": 597, "support": {"0": 307, "1": 290}, "undefined": [], "roc_auc_note": "Pooled ROC-AUC omitted: outer folds can select different score scales; see per-fold ROC-AUC."}, "seconds": 127.91948945799959}
