v4_std74_001: 597 development rows; 63 candidates; historical scoring disabled
outer0: 10/189 fold fits recorded
outer0: 20/189 fold fits recorded
outer0: 30/189 fold fits recorded
outer0: 40/189 fold fits recorded
outer0: 50/189 fold fits recorded
outer0: 60/189 fold fits recorded
outer0: 70/189 fold fits recorded
outer0: 80/189 fold fits recorded
outer0: 90/189 fold fits recorded
outer0: 100/189 fold fits recorded
outer0: 110/189 fold fits recorded
outer0: 120/189 fold fits recorded
outer0: 130/189 fold fits recorded
outer0: 140/189 fold fits recorded
outer0: 150/189 fold fits recorded
outer0: 160/189 fold fits recorded
outer0: 170/189 fold fits recorded
outer0: 180/189 fold fits recorded
outer0_assessment: 10/12 fold fits recorded
Outer 1: selected v4_lr_std74_standard_0.03; balanced accuracy 0.588
outer1: 10/189 fold fits recorded
outer1: 20/189 fold fits recorded
outer1: 30/189 fold fits recorded
outer1: 40/189 fold fits recorded
outer1: 50/189 fold fits recorded
outer1: 60/189 fold fits recorded
outer1: 70/189 fold fits recorded
outer1: 80/189 fold fits recorded
outer1: 90/189 fold fits recorded
outer1: 100/189 fold fits recorded
outer1: 110/189 fold fits recorded
outer1: 120/189 fold fits recorded
outer1: 130/189 fold fits recorded
outer1: 140/189 fold fits recorded
outer1: 150/189 fold fits recorded
outer1: 160/189 fold fits recorded
outer1: 170/189 fold fits recorded
outer1: 180/189 fold fits recorded
outer1_assessment: 10/12 fold fits recorded
Outer 2: selected mlp_pca30; balanced accuracy 0.479
outer2: 10/189 fold fits recorded
outer2: 20/189 fold fits recorded
outer2: 30/189 fold fits recorded
outer2: 40/189 fold fits recorded
outer2: 50/189 fold fits recorded
outer2: 60/189 fold fits recorded
outer2: 70/189 fold fits recorded
outer2: 80/189 fold fits recorded
outer2: 90/189 fold fits recorded
outer2: 100/189 fold fits recorded
outer2: 110/189 fold fits recorded
outer2: 120/189 fold fits recorded
outer2: 130/189 fold fits recorded
outer2: 140/189 fold fits recorded
outer2: 150/189 fold fits recorded
outer2: 160/189 fold fits recorded
outer2: 170/189 fold fits recorded
outer2: 180/189 fold fits recorded
outer2_assessment: 10/12 fold fits recorded
Outer 3: selected v4_lr_std74_quantile_0.01; balanced accuracy 0.557
outer3: 10/189 fold fits recorded
outer3: 20/189 fold fits recorded
outer3: 30/189 fold fits recorded
outer3: 40/189 fold fits recorded
outer3: 50/189 fold fits recorded
outer3: 60/189 fold fits recorded
outer3: 70/189 fold fits recorded
outer3: 80/189 fold fits recorded
outer3: 90/189 fold fits recorded
outer3: 100/189 fold fits recorded
outer3: 110/189 fold fits recorded
outer3: 120/189 fold fits recorded
outer3: 130/189 fold fits recorded
outer3: 140/189 fold fits recorded
outer3: 150/189 fold fits recorded
outer3: 160/189 fold fits recorded
outer3: 170/189 fold fits recorded
outer3: 180/189 fold fits recorded
outer3_assessment: 10/12 fold fits recorded
Outer 4: selected v4_lr_std74_quantile_0.01; balanced accuracy 0.517
outer4: 10/189 fold fits recorded
outer4: 20/189 fold fits recorded
outer4: 30/189 fold fits recorded
outer4: 40/189 fold fits recorded
outer4: 50/189 fold fits recorded
outer4: 60/189 fold fits recorded
outer4: 70/189 fold fits recorded
outer4: 80/189 fold fits recorded
outer4: 90/189 fold fits recorded
outer4: 100/189 fold fits recorded
outer4: 110/189 fold fits recorded
outer4: 120/189 fold fits recorded
outer4: 130/189 fold fits recorded
outer4: 140/189 fold fits recorded
outer4: 150/189 fold fits recorded
outer4: 160/189 fold fits recorded
outer4: 170/189 fold fits recorded
outer4: 180/189 fold fits recorded
outer4_assessment: 10/12 fold fits recorded
Outer 5: selected v4_lr_std74_standard_0.03; balanced accuracy 0.587
final_development: 10/189 fold fits recorded
final_development: 20/189 fold fits recorded
final_development: 30/189 fold fits recorded
final_development: 40/189 fold fits recorded
final_development: 50/189 fold fits recorded
final_development: 60/189 fold fits recorded
final_development: 70/189 fold fits recorded
final_development: 80/189 fold fits recorded
final_development: 90/189 fold fits recorded
final_development: 100/189 fold fits recorded
final_development: 110/189 fold fits recorded
final_development: 120/189 fold fits recorded
final_development: 130/189 fold fits recorded
final_development: 140/189 fold fits recorded
final_development: 150/189 fold fits recorded
final_development: 160/189 fold fits recorded
final_development: 170/189 fold fits recorded
final_development: 180/189 fold fits recorded
{"run_id": "v4_std74_001", "selected": "v4_lr_std74_standard_0.1", "evaluation": "nested_development", "metrics": {"accuracy": 0.5460636515912898, "balanced_accuracy": 0.5466022688981242, "precision": 0.5307443365695793, "recall": 0.5655172413793104, "f1": 0.5475792988313857, "class_0_recall": 0.5276872964169381, "macro_f1": 0.546058556978718, "roc_auc": null, "confusion_matrix": [[162, 145], [126, 164]], "n": 597, "support": {"0": 307, "1": 290}, "undefined": [], "roc_auc_note": "Pooled ROC-AUC omitted: outer folds can select different score scales; see per-fold ROC-AUC."}, "seconds": 128.9346373330045}
