{
  "track_id": "CH0001",
  "title": "Blinding Lights",
  "artist": "The Weeknd",
  "actual_label": 1,
  "held_out": false,
  "evaluation_status": "training_example",
  "run_id": "v2_nested_001",
  "model": "lr_mi_50",
  "prediction": 1,
  "label": "Year-end hit",
  "score": 0.4820673280807323,
  "score_semantics": {
    "kind": "decision_margin",
    "threshold": 0.0,
    "positive_class": 1,
    "calibrated": false,
    "prediction_rule": "estimator.predict (native tie handling)"
  },
  "evidence_status": "no_supported_improvement"
}
