v2_nested_001: 597 development rows; 35 candidates; historical scoring disabled
outer0: 10/105 fold fits recorded
outer0: 20/105 fold fits recorded
outer0: 30/105 fold fits recorded
outer0: 40/105 fold fits recorded
outer0: 50/105 fold fits recorded
outer0: 60/105 fold fits recorded
outer0: 70/105 fold fits recorded
outer0: 80/105 fold fits recorded
outer0: 90/105 fold fits recorded
outer0: 100/105 fold fits recorded
outer0_assessment: 10/10 fold fits recorded
Outer 1: selected lr_pca_30; balanced accuracy 0.560
outer1: 10/105 fold fits recorded
outer1: 20/105 fold fits recorded
outer1: 30/105 fold fits recorded
outer1: 40/105 fold fits recorded
outer1: 50/105 fold fits recorded
outer1: 60/105 fold fits recorded
outer1: 70/105 fold fits recorded
outer1: 80/105 fold fits recorded
outer1: 90/105 fold fits recorded
outer1: 100/105 fold fits recorded
outer1_assessment: 10/10 fold fits recorded
Outer 2: selected mlp_pca30; balanced accuracy 0.479
outer2: 10/105 fold fits recorded
outer2: 20/105 fold fits recorded
outer2: 30/105 fold fits recorded
outer2: 40/105 fold fits recorded
outer2: 50/105 fold fits recorded
outer2: 60/105 fold fits recorded
outer2: 70/105 fold fits recorded
outer2: 80/105 fold fits recorded
outer2: 90/105 fold fits recorded
outer2: 100/105 fold fits recorded
outer2_assessment: 10/10 fold fits recorded
Outer 3: selected mlp_pca30; balanced accuracy 0.600
outer3: 10/105 fold fits recorded
outer3: 20/105 fold fits recorded
outer3: 30/105 fold fits recorded
outer3: 40/105 fold fits recorded
outer3: 50/105 fold fits recorded
outer3: 60/105 fold fits recorded
outer3: 70/105 fold fits recorded
outer3: 80/105 fold fits recorded
outer3: 90/105 fold fits recorded
outer3: 100/105 fold fits recorded
outer3_assessment: 10/10 fold fits recorded
Outer 4: selected linear_anova_c0p1; balanced accuracy 0.496
outer4: 10/105 fold fits recorded
outer4: 20/105 fold fits recorded
outer4: 30/105 fold fits recorded
outer4: 40/105 fold fits recorded
outer4: 50/105 fold fits recorded
outer4: 60/105 fold fits recorded
outer4: 70/105 fold fits recorded
outer4: 80/105 fold fits recorded
outer4: 90/105 fold fits recorded
outer4: 100/105 fold fits recorded
outer4_assessment: 10/10 fold fits recorded
Outer 5: selected control_logistic; balanced accuracy 0.511
final_development: 10/105 fold fits recorded
final_development: 20/105 fold fits recorded
final_development: 30/105 fold fits recorded
final_development: 40/105 fold fits recorded
final_development: 50/105 fold fits recorded
final_development: 60/105 fold fits recorded
final_development: 70/105 fold fits recorded
final_development: 80/105 fold fits recorded
final_development: 90/105 fold fits recorded
final_development: 100/105 fold fits recorded
{"run_id": "v2_nested_001", "selected": "lr_mi_50", "evaluation": "nested_development", "metrics": {"accuracy": 0.5293132328308208, "balanced_accuracy": 0.5285016286644951, "precision": 0.5160142348754448, "recall": 0.5, "f1": 0.5078809106830122, "class_0_recall": 0.5570032573289903, "macro_f1": 0.5284187859996121, "roc_auc": null, "confusion_matrix": [[171, 136], [145, 145]], "n": 597, "support": {"0": 307, "1": 290}, "undefined": [], "roc_auc_note": "Pooled ROC-AUC omitted: outer folds can select different score scales; see per-fold ROC-AUC."}, "seconds": 77.18332266700236}
